

Symbols from C:\Users\gross\AppData\Local\Temp\arduino_build_505236/Game_Light_watch_2_2.2.ino.elf:

Name                  Value   Class        Type         Size     Line  Section

__heap_end          |00000000|   W  |            NOTYPE|        |     |*ABS*
__TEXT_REGION_ORIGIN__|00000000|   W  |            NOTYPE|        |     |*ABS*
__tmp_reg__         |00000000|   a  |            NOTYPE|        |     |*ABS*
__vector_default    |00000000|   W  |            NOTYPE|        |     |.text	../../../../../crt1/gcrt1.S:63
__vectors           |00000000|   T  |            NOTYPE|        |     |.text	../../../../../crt1/gcrt1.S:63
__zero_reg__        |00000001|   a  |            NOTYPE|        |     |*ABS*
__FUSE_REGION_LENGTH__|0000000a|   A  |            NOTYPE|        |     |*ABS*
__CCP__             |00000034|   a  |            NOTYPE|        |     |*ABS*
__ctors_end         |00000034|   T  |            NOTYPE|        |     |.text	../../../../../crt1/gcrt1.S:230
__ctors_start       |00000034|   T  |            NOTYPE|        |     |.text	../../../../../crt1/gcrt1.S:230
__dtors_end         |00000034|   T  |            NOTYPE|        |     |.text	../../../../../crt1/gcrt1.S:230
__dtors_start       |00000034|   T  |            NOTYPE|        |     |.text	../../../../../crt1/gcrt1.S:230
__init              |00000034|   W  |            NOTYPE|        |     |.text	../../../../../crt1/gcrt1.S:230
__trampolines_end   |00000034|   T  |            NOTYPE|        |     |.text	../../../../../crt1/gcrt1.S:230
__trampolines_start |00000034|   T  |            NOTYPE|        |     |.text	../../../../../crt1/gcrt1.S:230
__SP_L__            |0000003d|   a  |            NOTYPE|        |     |*ABS*
__SP_H__            |0000003e|   a  |            NOTYPE|        |     |*ABS*
__SREG__            |0000003f|   a  |            NOTYPE|        |     |*ABS*
_initThreeStuff()   |00000040|   T  |              FUNC|00000018|     |.text	C:\Users\gross\AppData\Local\Arduino15\packages\megaTinyCore\hardware\megaavr\2.6.7\cores\megatinycore/main.cpp:149
__do_copy_data      |00000058|   T  |            NOTYPE|00000016|     |.text	/home/admin/Arduino/toolchain-avr-special/gcc-build/avr/avrxmega3/short-calls/libgcc/../../../../../gcc/libgcc/config/avr/lib1funcs.S:2409
__do_clear_bss      |0000006e|   T  |            NOTYPE|00000010|     |.text	/home/admin/Arduino/toolchain-avr-special/gcc-build/avr/avrxmega3/short-calls/libgcc/../../../../../gcc/libgcc/config/avr/lib1funcs.S:2441
.do_clear_bss_loop  |00000076|   t  |            NOTYPE|        |     |.text	/home/admin/Arduino/toolchain-avr-special/gcc-build/avr/avrxmega3/short-calls/libgcc/../../../../../gcc/libgcc/config/avr/lib1funcs.S:2446
.do_clear_bss_start |00000078|   t  |            NOTYPE|        |     |.text	/home/admin/Arduino/toolchain-avr-special/gcc-build/avr/avrxmega3/short-calls/libgcc/../../../../../gcc/libgcc/config/avr/lib1funcs.S:2448
__EEPROM_REGION_LENGTH__|00000080|   A  |            NOTYPE|        |     |*ABS*
__bad_interrupt     |00000082|   T  |            NOTYPE|        |     |.text	../../../../../crt1/gcrt1.S:209
__vector_1          |00000082|   W  |            NOTYPE|        |     |.text	../../../../../crt1/gcrt1.S:209
__vector_10         |00000082|   W  |            NOTYPE|        |     |.text	../../../../../crt1/gcrt1.S:209
__vector_11         |00000082|   W  |            NOTYPE|        |     |.text	../../../../../crt1/gcrt1.S:209
__vector_12         |00000082|   W  |            NOTYPE|        |     |.text	../../../../../crt1/gcrt1.S:209
__vector_14         |00000082|   W  |            NOTYPE|        |     |.text	../../../../../crt1/gcrt1.S:209
__vector_15         |00000082|   W  |            NOTYPE|        |     |.text	../../../../../crt1/gcrt1.S:209
__vector_16         |00000082|   W  |            NOTYPE|        |     |.text	../../../../../crt1/gcrt1.S:209
__vector_17         |00000082|   W  |            NOTYPE|        |     |.text	../../../../../crt1/gcrt1.S:209
__vector_18         |00000082|   W  |            NOTYPE|        |     |.text	../../../../../crt1/gcrt1.S:209
__vector_19         |00000082|   W  |            NOTYPE|        |     |.text	../../../../../crt1/gcrt1.S:209
__vector_2          |00000082|   W  |            NOTYPE|        |     |.text	../../../../../crt1/gcrt1.S:209
__vector_20         |00000082|   W  |            NOTYPE|        |     |.text	../../../../../crt1/gcrt1.S:209
__vector_21         |00000082|   W  |            NOTYPE|        |     |.text	../../../../../crt1/gcrt1.S:209
__vector_22         |00000082|   W  |            NOTYPE|        |     |.text	../../../../../crt1/gcrt1.S:209
__vector_23         |00000082|   W  |            NOTYPE|        |     |.text	../../../../../crt1/gcrt1.S:209
__vector_24         |00000082|   W  |            NOTYPE|        |     |.text	../../../../../crt1/gcrt1.S:209
__vector_25         |00000082|   W  |            NOTYPE|        |     |.text	../../../../../crt1/gcrt1.S:209
__vector_4          |00000082|   W  |            NOTYPE|        |     |.text	../../../../../crt1/gcrt1.S:209
__vector_5          |00000082|   W  |            NOTYPE|        |     |.text	../../../../../crt1/gcrt1.S:209
__vector_6          |00000082|   W  |            NOTYPE|        |     |.text	../../../../../crt1/gcrt1.S:209
__vector_8          |00000082|   W  |            NOTYPE|        |     |.text	../../../../../crt1/gcrt1.S:209
__vector_9          |00000082|   W  |            NOTYPE|        |     |.text	../../../../../crt1/gcrt1.S:209
TinyI2CMaster::stop() [clone .constprop.20]|00000084|   t  |              FUNC|00000014|     |.text	C:\Users\gross\OneDrive\Arduino\libraries\tiny-i2c-master/TinyI2CMaster.cpp:310
TinyI2CMaster::write(unsigned char) [clone .constprop.18]|00000098|   t  |              FUNC|0000002c|     |.text	C:\Users\gross\OneDrive\Arduino\libraries\tiny-i2c-master/TinyI2CMaster.cpp:280
TinyI2CMaster::start(unsigned char, long) [clone .constprop.16]|000000c4|   t  |              FUNC|00000042|     |.text	C:\Users\gross\OneDrive\Arduino\libraries\tiny-i2c-master/TinyI2CMaster.cpp:292
__DATA_REGION_LENGTH__|00000100|   A  |            NOTYPE|        |     |*ABS*
SSD1306Device::ssd1306_send_data_start() [clone .constprop.15]|00000106|   t  |              FUNC|00000006|     |.text	C:\Users\gross\OneDrive\Arduino\Game_Light\Watch 2\Game_Light_watch_2_2.2/tinyOLED.cpp:100
SSD1306Device::ssd1306_send_command_start() [clone .constprop.14]|0000010c|   t  |              FUNC|00000006|     |.text	C:\Users\gross\OneDrive\Arduino\Game_Light\Watch 2\Game_Light_watch_2_2.2/tinyOLED.cpp:81
SSD1306Device::setCursor(unsigned char, unsigned char) [clone .constprop.13]|00000112|   t  |              FUNC|00000028|     |.text	C:\Users\gross\OneDrive\Arduino\Game_Light\Watch 2\Game_Light_watch_2_2.2/tinyOLED.cpp:108
SSD1306Device::drawLine(unsigned char, unsigned char, unsigned char, unsigned char) [clone .constprop.12]|0000013a|   t  |              FUNC|00000024|     |.text	C:\Users\gross\OneDrive\Arduino\Game_Light\Watch 2\Game_Light_watch_2_2.2/tinyOLED.cpp:116
SSD1306Device::clearScreen() [clone .constprop.10]|0000015e|   t  |              FUNC|00000018|     |.text	C:\Users\gross\OneDrive\Arduino\Game_Light\Watch 2\Game_Light_watch_2_2.2/tinyOLED.cpp:135
SSD1306Device::ssd1306_send_command(unsigned char) [clone .constprop.8]|00000176|   t  |              FUNC|0000000e|     |.text	C:\Users\gross\OneDrive\Arduino\Game_Light\Watch 2\Game_Light_watch_2_2.2/tinyOLED.cpp:93
buttonDebounce(unsigned int)|00000184|   t  |              FUNC|00000094|     |.text	C:\Users\gross\OneDrive\Arduino\Game_Light\Watch 2\Game_Light_watch_2_2.2/Game_Light_watch_2_2.2.ino:372
drawSprite(unsigned char, unsigned char, unsigned char*, unsigned char, unsigned char)|00000218|   t  |              FUNC|00000080|     |.text	C:\Users\gross\OneDrive\Arduino\Game_Light\Watch 2\Game_Light_watch_2_2.2/Game_Light_watch_2_2.2.ino:357
drawTime(unsigned char, unsigned char, unsigned char, signed char) [clone .constprop.11]|00000298|   t  |              FUNC|000000a2|     |.text	C:\Users\gross\OneDrive\Arduino\Game_Light\Watch 2\Game_Light_watch_2_2.2/Game_Light_watch_2_2.2.ino:332
displayTime(unsigned char, unsigned char)|0000033a|   t  |              FUNC|00000018|     |.text	C:\Users\gross\OneDrive\Arduino\Game_Light\Watch 2\Game_Light_watch_2_2.2/Game_Light_watch_2_2.2.ino:114
analogRead.constprop.7|00000352|   t  |              FUNC|0000002c|     |.text	C:\Users\gross\AppData\Local\Arduino15\packages\megaTinyCore\hardware\megaavr\2.6.7\cores\megatinycore/wiring_analog.c:692
readSupplyVoltage() |0000037e|   t  |              FUNC|00000038|     |.text	C:\Users\gross\AppData\Local\Arduino15\packages\megaTinyCore\hardware\megaavr\2.6.7\cores\megatinycore/wiring_analog.c:659
displayBatt()       |000003b6|   t  |              FUNC|0000009c|     |.text	C:\Users\gross\OneDrive\Arduino\Game_Light\Watch 2\Game_Light_watch_2_2.2/Game_Light_watch_2_2.2.ino:119
__LOCK_REGION_LENGTH__|00000400|   A  |            NOTYPE|        |     |*ABS*
__SIGNATURE_REGION_LENGTH__|00000400|   A  |            NOTYPE|        |     |*ABS*
__USER_SIGNATURE_REGION_LENGTH__|00000400|   A  |            NOTYPE|        |     |*ABS*
__vector_7          |00000452|   T  |              FUNC|00000072|     |.text	C:\Users\gross\OneDrive\Arduino\Game_Light\Watch 2\Game_Light_watch_2_2.2/Game_Light_watch_2_2.2.ino:445
__vector_13         |000004c4|   T  |              FUNC|0000005a|     |.text	C:\Users\gross\OneDrive\Arduino\Game_Light\Watch 2\Game_Light_watch_2_2.2/Game_Light_watch_2_2.2.ino:433
__vector_3          |0000051e|   T  |              FUNC|0000006a|     |.text	C:\Users\gross\OneDrive\Arduino\Game_Light\Watch 2\Game_Light_watch_2_2.2/Game_Light_watch_2_2.2.ino:414
main                |00000588|   T  |              FUNC|00000618|     |.text	C:\Users\gross\AppData\Local\Arduino15\packages\megaTinyCore\hardware\megaavr\2.6.7\cores\megatinycore/main.cpp:49
__divmodqi4         |00000ba0|   T  |            NOTYPE|0000001a|     |.text	/home/admin/Arduino/toolchain-avr-special/gcc-build/avr/avrxmega3/short-calls/libgcc/../../../../../gcc/libgcc/config/avr/lib1funcs.S:1366
__divmodqi4_1       |00000bb4|   t  |            NOTYPE|        |     |.text	/home/admin/Arduino/toolchain-avr-special/gcc-build/avr/avrxmega3/short-calls/libgcc/../../../../../gcc/libgcc/config/avr/lib1funcs.S:1377
__divmodqi4_exit    |00000bb8|   t  |            NOTYPE|        |     |.text	/home/admin/Arduino/toolchain-avr-special/gcc-build/avr/avrxmega3/short-calls/libgcc/../../../../../gcc/libgcc/config/avr/lib1funcs.S:1380
__udivmodhi4        |00000bba|   T  |            NOTYPE|00000028|     |.text	/home/admin/Arduino/toolchain-avr-special/gcc-build/avr/avrxmega3/short-calls/libgcc/../../../../../gcc/libgcc/config/avr/lib1funcs.S:1408
__udivmodhi4_loop   |00000bc2|   t  |            NOTYPE|        |     |.text	/home/admin/Arduino/toolchain-avr-special/gcc-build/avr/avrxmega3/short-calls/libgcc/../../../../../gcc/libgcc/config/avr/lib1funcs.S:1413
__udivmodhi4_ep     |00000bd0|   t  |            NOTYPE|        |     |.text	/home/admin/Arduino/toolchain-avr-special/gcc-build/avr/avrxmega3/short-calls/libgcc/../../../../../gcc/libgcc/config/avr/lib1funcs.S:1421
__udivmodsi4        |00000be2|   T  |            NOTYPE|00000044|     |.text	/home/admin/Arduino/toolchain-avr-special/gcc-build/avr/avrxmega3/short-calls/libgcc/../../../../../gcc/libgcc/config/avr/lib1funcs.S:1638
__udivmodsi4_loop   |00000bee|   t  |            NOTYPE|        |     |.text	/home/admin/Arduino/toolchain-avr-special/gcc-build/avr/avrxmega3/short-calls/libgcc/../../../../../gcc/libgcc/config/avr/lib1funcs.S:1646
__udivmodsi4_ep     |00000c08|   t  |            NOTYPE|        |     |.text	/home/admin/Arduino/toolchain-avr-special/gcc-build/avr/avrxmega3/short-calls/libgcc/../../../../../gcc/libgcc/config/avr/lib1funcs.S:1660
__divmodsi4         |00000c26|   T  |            NOTYPE|00000028|     |.text	/home/admin/Arduino/toolchain-avr-special/gcc-build/avr/avrxmega3/short-calls/libgcc/../../../../../gcc/libgcc/config/avr/lib1funcs.S:1686
__divmodsi4_neg2    |00000c3e|   t  |            NOTYPE|        |     |.text	/home/admin/Arduino/toolchain-avr-special/gcc-build/avr/avrxmega3/short-calls/libgcc/../../../../../gcc/libgcc/config/avr/lib1funcs.S:1701
__divmodsi4_exit    |00000c4c|   t  |            NOTYPE|        |     |.text	/home/admin/Arduino/toolchain-avr-special/gcc-build/avr/avrxmega3/short-calls/libgcc/../../../../../gcc/libgcc/config/avr/lib1funcs.S:1709
__negsi2            |00000c4e|   T  |            NOTYPE|00000010|     |.text	/home/admin/Arduino/toolchain-avr-special/gcc-build/avr/avrxmega3/short-calls/libgcc/../../../../../gcc/libgcc/config/avr/lib1funcs.S:1718
__umulhisi3         |00000c5e|   T  |            NOTYPE|00000018|     |.text	/home/admin/Arduino/toolchain-avr-special/gcc-build/avr/avrxmega3/short-calls/libgcc/../../../../../gcc/libgcc/config/avr/lib1funcs.S:564
__muluhisi3         |00000c76|   T  |            NOTYPE|00000014|     |.text	/home/admin/Arduino/toolchain-avr-special/gcc-build/avr/avrxmega3/short-calls/libgcc/../../../../../gcc/libgcc/config/avr/lib1funcs.S:626
__udivmodqi4        |00000c8a|   T  |            NOTYPE|00000018|     |.text	/home/admin/Arduino/toolchain-avr-special/gcc-build/avr/avrxmega3/short-calls/libgcc/../../../../../gcc/libgcc/config/avr/lib1funcs.S:1346
__udivmodqi4_loop   |00000c90|   t  |            NOTYPE|        |     |.text	/home/admin/Arduino/toolchain-avr-special/gcc-build/avr/avrxmega3/short-calls/libgcc/../../../../../gcc/libgcc/config/avr/lib1funcs.S:1350
__udivmodqi4_ep     |00000c98|   t  |            NOTYPE|        |     |.text	/home/admin/Arduino/toolchain-avr-special/gcc-build/avr/avrxmega3/short-calls/libgcc/../../../../../gcc/libgcc/config/avr/lib1funcs.S:1355
_exit               |00000ca2|   T  |            NOTYPE|        |     |.text	/home/admin/Arduino/toolchain-avr-special/gcc-build/avr/avrxmega3/short-calls/libgcc/../../../../../gcc/libgcc/config/avr/lib1funcs.S:2278
exit                |00000ca2|   W  |            NOTYPE|        |     |.text	/home/admin/Arduino/toolchain-avr-special/gcc-build/avr/avrxmega3/short-calls/libgcc/../../../../../gcc/libgcc/config/avr/lib1funcs.S:2278
__stop_program      |00000ca4|   t  |            NOTYPE|        |     |.text	/home/admin/Arduino/toolchain-avr-special/gcc-build/avr/avrxmega3/short-calls/libgcc/../../../../../gcc/libgcc/config/avr/lib1funcs.S:2280
_etext              |00000ca6|   T  |            NOTYPE|        |     |.text
__data_load_start   |00000ff9|   A  |            NOTYPE|        |     |*ABS*
__data_load_end     |00000ffd|   A  |            NOTYPE|        |     |*ABS*
__TEXT_REGION_LENGTH__|00001000|   A  |            NOTYPE|        |     |*ABS*
__stack             |00003fff|   W  |            NOTYPE|        |     |*ABS*
__RODATA_PM_OFFSET__|00008000|   A  |            NOTYPE|        |     |*ABS*
allwaysOnSprite     |00008caa|   r  |            OBJECT|00000020|     |.rodata
clockSprite         |00008cca|   r  |            OBJECT|00000020|     |.rodata
sandClockSprite     |00008cea|   r  |            OBJECT|00000020|     |.rodata
brightSprite        |00008d0a|   r  |            OBJECT|00000020|     |.rodata
number9             |00008d2a|   r  |            OBJECT|00000040|     |.rodata
number8             |00008d6a|   r  |            OBJECT|00000040|     |.rodata
number7             |00008daa|   r  |            OBJECT|00000040|     |.rodata
number6             |00008dea|   r  |            OBJECT|00000040|     |.rodata
number5             |00008e2a|   r  |            OBJECT|00000040|     |.rodata
number4             |00008e6a|   r  |            OBJECT|00000040|     |.rodata
number3             |00008eaa|   r  |            OBJECT|00000040|     |.rodata
number2             |00008eea|   r  |            OBJECT|00000040|     |.rodata
number1             |00008f2a|   r  |            OBJECT|00000040|     |.rodata
number0             |00008f6a|   r  |            OBJECT|00000040|     |.rodata
battSprite          |00008faa|   r  |            OBJECT|00000008|     |.rodata
ssd1306_init_sequence|00008fb2|   r  |            OBJECT|0000001b|     |.rodata
arrow               |00008fcd|   r  |            OBJECT|00000008|     |.rodata
optionSprites       |00008fd5|   r  |            OBJECT|00000008|     |.rodata
chargingSprite      |00008fdd|   r  |            OBJECT|00000008|     |.rodata
numbers             |00008fe5|   r  |            OBJECT|00000014|     |.rodata
__DATA_REGION_ORIGIN__|00803f00|   A  |            NOTYPE|        |     |*ABS*
__data_start        |00803f00|   D  |            NOTYPE|        |     |.data
chargeLedIndicator  |00803f00|   d  |            OBJECT|00000001|     |.data	C:\Users\gross\OneDrive\Arduino\Game_Light\Watch 2\Game_Light_watch_2_2.2/Game_Light_watch_2_2.2.ino:50
shouldWakeUp        |00803f01|   d  |            OBJECT|00000001|     |.data	C:\Users\gross\OneDrive\Arduino\Game_Light\Watch 2\Game_Light_watch_2_2.2/Game_Light_watch_2_2.2.ino:47
resumeOperation     |00803f02|   d  |            OBJECT|00000001|     |.data	C:\Users\gross\OneDrive\Arduino\Game_Light\Watch 2\Game_Light_watch_2_2.2/Game_Light_watch_2_2.2.ino:48
__bss_start         |00803f04|   B  |            NOTYPE|        |     |.bss
__data_end          |00803f04|   D  |            NOTYPE|        |     |.data
_edata              |00803f04|   D  |            NOTYPE|        |     |.data
lastSecond          |00803f04|   b  |            OBJECT|00000001|     |.bss	C:\Users\gross\OneDrive\Arduino\Game_Light\Watch 2\Game_Light_watch_2_2.2/Game_Light_watch_2_2.2.ino:41
ledColor            |00803f05|   b  |            OBJECT|00000001|     |.bss	C:\Users\gross\OneDrive\Arduino\Game_Light\Watch 2\Game_Light_watch_2_2.2/Game_Light_watch_2_2.2.ino:51
totalSecondsTimer   |00803f06|   b  |            OBJECT|00000002|     |.bss	C:\Users\gross\OneDrive\Arduino\Game_Light\Watch 2\Game_Light_watch_2_2.2/Game_Light_watch_2_2.2.ino:43
seconds             |00803f08|   b  |            OBJECT|00000001|     |.bss	C:\Users\gross\OneDrive\Arduino\Game_Light\Watch 2\Game_Light_watch_2_2.2/Game_Light_watch_2_2.2.ino:38
minutes             |00803f09|   b  |            OBJECT|00000001|     |.bss	C:\Users\gross\OneDrive\Arduino\Game_Light\Watch 2\Game_Light_watch_2_2.2/Game_Light_watch_2_2.2.ino:39
hours               |00803f0a|   b  |            OBJECT|00000001|     |.bss	C:\Users\gross\OneDrive\Arduino\Game_Light\Watch 2\Game_Light_watch_2_2.2/Game_Light_watch_2_2.2.ino:40
alwaysOn            |00803f0b|   b  |            OBJECT|00000001|     |.bss	C:\Users\gross\OneDrive\Arduino\Game_Light\Watch 2\Game_Light_watch_2_2.2/Game_Light_watch_2_2.2.ino:49
enableAlwaysOn      |00803f0c|   b  |            OBJECT|00000001|     |.bss	C:\Users\gross\OneDrive\Arduino\Game_Light\Watch 2\Game_Light_watch_2_2.2/Game_Light_watch_2_2.2.ino:45
powerSaveMode       |00803f0d|   b  |            OBJECT|00000001|     |.bss	C:\Users\gross\OneDrive\Arduino\Game_Light\Watch 2\Game_Light_watch_2_2.2/Game_Light_watch_2_2.2.ino:42
totalSeconds        |00803f0e|   b  |            OBJECT|00000002|     |.bss	C:\Users\gross\OneDrive\Arduino\Game_Light\Watch 2\Game_Light_watch_2_2.2/Game_Light_watch_2_2.2.ino:44
timer               |00803f10|   b  |            OBJECT|00000002|     |.bss	C:\Users\gross\OneDrive\Arduino\Game_Light\Watch 2\Game_Light_watch_2_2.2/Game_Light_watch_2_2.2.ino:53
interruptTimer      |00803f12|   b  |            OBJECT|00000002|     |.bss	C:\Users\gross\OneDrive\Arduino\Game_Light\Watch 2\Game_Light_watch_2_2.2/Game_Light_watch_2_2.2.ino:52
screenDimmed        |00803f14|   b  |            OBJECT|00000001|     |.bss	C:\Users\gross\OneDrive\Arduino\Game_Light\Watch 2\Game_Light_watch_2_2.2/Game_Light_watch_2_2.2.ino:46
__bss_end           |00803f15|   B  |            NOTYPE|        |     |.bss
_end                |00803f15|   N  |            NOTYPE|        |     |.comment
__eeprom_end        |00810000|   N  |            NOTYPE|        |     |.comment
